Reading table at ../../../../kernel/tests/data/table-with-dv-small/
version: 1

Schema:
└─ value: integer

value:  [
  1,
  2,
  3,
  4,
  5,
  6,
  7,
  8
]
